28297
24933
29224
29562
13916
28841
28910
27393
23834
19134
29243
29650
27667
28316
28585
28945
22316
27981
29021
29124
26978
28559
29637
29211
26497
28873
15628
27107
26415
29551
28765
28903
27256
20070
18034
28652
27942
26273
29282
28582
29514
27861
27738
26290
25435
