2910159050
2933852632
2794468450
2281362739
2512423487
2934993149
2734419125
2692286831
2840194255
2982336386
2912432228
2439797875
2907413162
2927301893
2901325819
2974241816
2885198453
2848309614
2965848617
2727485076
2682874231
2905750955
2891513536
2933534520
2959013501
2803722970
2432816985
2774395848
2630673757
2954302558
2875054122
1368706628
2870706137
2926858364
2868753479
2884859805
2823569174
2784645634
2435785973
2922914712
2734740966
2928177354
2933323502
2982816573
2884254698
2942612170
2958555857
2880142165
2887630437
2862596805
2742009376
2394806958
2755862880
2962376356
2885529416
2595281557
2702341343
2729942792
2974670796
2864926964
2873048098
2870219664
2023634268
2765659974
2924186246
1928823051
2326899743
2885638828
2915016078
2921144841
2869676767
