2968790606
2879031579
2635790378
2950673469
2868192093
2945669003
2947589478
2898154589
2973834642
2468456661
2828970014
2742749316
2876104972
2849346532
2284117603
2827706201
2799966919
2910552600
2980322035
2957227329
2523027457
2588201797
2814719691
2829637080
2991334411
2708791931
2356648864
1614497509
2922560506
2568481773
2971441923
2984342649
2778422153
2879324479
2964604672
2859015731
2782900958
2903473545
2898992086
2907772891
2862264126
2908525557
2743886415
2904404063
2990936298
2889178182
2882560156
1725239972
2865292695
2843133726
2869722213
2790147222
2946914123
2825935663
2826456659
2903825014
2917400677
2871699127
2822540296
2870129718
2889544664
2851918279
2900438925
2950927403
2933955305
2796363346
2885712261
1432311645
2792399138
2944085140
2840407789
1415482775
2933364844
2895916335
2326421339
2949628717
2887690125
2890837688
2886114865
2461975123
2832777881
2877765151
2712601077
