25890
28784
28697
24529
29594
26993
29108
25700
29391
27054
29567
27979
28414
28927
28267
26068
24329
29713
24222
26583
27656
28819
28451
28092
29340
27429
28226
27488
29159
29454
29394
29055
28942
29750
28851
25185
6780
26810
27272
28255
28975
23322
27170
28203
26978
27782
27589
29098
29496
