25141
28830
29835
14569
27447
26469
28890
28284
28513
25778
28679
22461
21633
29257
21834
27293
28648
25344
25330
26853
28519
28324
29234
28689
28898
9380
28458
27195
29106
28700
