25128
23937
28856
29739
26712
28075
27884
28481
27634
29299
27332
23780
28735
29865
14251
28508
29387
24678
26585
28793
27873
29124
29248
29029
24703
27049
28511
26724
26001
28693
25606
28064
27791
27149
28700
29584
28902
29188
23440
29236
23433
27401
27655
25883
18169
19112
