28990
27217
28008
29339
28620
28965
28077
18991
23715
23588
26524
18622
28791
28794
28417
28686
18042
27162
29544
28757
22347
17474
28694
27345
29168
26679
29534
23926
27880
26870
13601
